// Jest Snapshot v1, https://goo.gl/fbAQLP

exports[`eCommerce Detail Product It should render Detail Product 1`] = `ShallowWrapper {}`;
